Component: ARM Compiler 5.06 update 4 (build 422) Tool: armlink [4d35d2]

==============================================================================

Section Cross References

    startup_stm32f10x_md.o(RESET) refers to startup_stm32f10x_md.o(STACK) for __initial_sp
    startup_stm32f10x_md.o(RESET) refers to startup_stm32f10x_md.o(.text) for Reset_Handler
    startup_stm32f10x_md.o(RESET) refers to stm32f10x_it.o(.text) for NMI_Handler
    startup_stm32f10x_md.o(.text) refers to system_stm32f10x.o(.text) for SystemInit
    startup_stm32f10x_md.o(.text) refers to entry.o(.ARM.Collect$$$$00000000) for __main
    main.o(.text) refers to stm32f10x_tim.o(.text) for TIM_Cmd
    main.o(.text) refers to stm32f10x_gpio.o(.text) for GPIO_WriteBit
    main.o(.text) refers to pcd663.o(.text) for PcdReset
    main.o(.text) refers to stm32f10x_init.o(.text) for InitializeSystem
    main.o(.text) refers to iso14443.o(.text) for PiccReset
    main.o(.text) refers to memseta.o(.text) for __aeabi_memset
    main.o(.text) refers to system_stm32f10x.o(.data) for SystemCoreClock
    main.o(.text) refers to main.o(.bss) for g_sCard
    main.o(.text) refers to main.o(.data) for g_cATSLen
    main.o(.text) refers to main.o(.constdata) for g_cM1KEY
    stm32f10x_init.o(.text) refers to stm32f10x_rcc.o(.text) for RCC_APB1PeriphClockCmd
    stm32f10x_init.o(.text) refers to stm32f10x_gpio.o(.text) for GPIO_Init
    stm32f10x_init.o(.text) refers to misc.o(.text) for NVIC_PriorityGroupConfig
    stm32f10x_init.o(.text) refers to stm32f10x_spi.o(.text) for SPI_Init
    system_stm32f10x.o(.text) refers to system_stm32f10x.o(.data) for SystemCoreClock
    iso14443.o(.text) refers to pcd663.o(.text) for PcdAntenna
    iso14443.o(.text) refers to main.o(.text) for Delay100uS
    iso14443.o(.text) refers to memcpya.o(.text) for __aeabi_memcpy
    iso14443.o(.text) refers to pcd663.o(.bss) for g_sPcdTrsv
    iso14443.o(.text) refers to pcd663.o(.data) for g_sPcdPara
    iso14443.o(.text) refers to main.o(.bss) for g_sCard
    pcd663.o(.text) refers to stm32f10x_gpio.o(.text) for GPIO_WriteBit
    pcd663.o(.text) refers to main.o(.text) for Delay100uS
    pcd663.o(.text) refers to pcd663.o(.bss) for g_sPcdTrsv
    pcd663.o(.text) refers to pcd663.o(.data) for g_sPcdPara
    stm32f10x_adc.o(.text) refers to stm32f10x_rcc.o(.text) for RCC_APB2PeriphResetCmd
    stm32f10x_bkp.o(.text) refers to stm32f10x_rcc.o(.text) for RCC_BackupResetCmd
    stm32f10x_can.o(.text) refers to stm32f10x_rcc.o(.text) for RCC_APB1PeriphResetCmd
    stm32f10x_cec.o(.text) refers to stm32f10x_rcc.o(.text) for RCC_APB1PeriphResetCmd
    stm32f10x_dac.o(.text) refers to stm32f10x_rcc.o(.text) for RCC_APB1PeriphResetCmd
    stm32f10x_gpio.o(.text) refers to stm32f10x_rcc.o(.text) for RCC_APB2PeriphResetCmd
    stm32f10x_i2c.o(.text) refers to stm32f10x_rcc.o(.text) for RCC_APB1PeriphResetCmd
    stm32f10x_pwr.o(.text) refers to stm32f10x_rcc.o(.text) for RCC_APB1PeriphResetCmd
    stm32f10x_rcc.o(.text) refers to stm32f10x_rcc.o(.data) for APBAHBPrescTable
    stm32f10x_spi.o(.text) refers to stm32f10x_rcc.o(.text) for RCC_APB2PeriphResetCmd
    stm32f10x_tim.o(.text) refers to stm32f10x_rcc.o(.text) for RCC_APB2PeriphResetCmd
    stm32f10x_usart.o(.text) refers to stm32f10x_rcc.o(.text) for RCC_APB2PeriphResetCmd
    stm32f10x_wwdg.o(.text) refers to stm32f10x_rcc.o(.text) for RCC_APB1PeriphResetCmd
    entry.o(.ARM.Collect$$$$00000000) refers (Special) to entry10a.o(.ARM.Collect$$$$0000000D) for __rt_final_cpp
    entry.o(.ARM.Collect$$$$00000000) refers (Special) to entry11a.o(.ARM.Collect$$$$0000000F) for __rt_final_exit
    entry.o(.ARM.Collect$$$$00000000) refers (Special) to entry7b.o(.ARM.Collect$$$$00000008) for _main_clock
    entry.o(.ARM.Collect$$$$00000000) refers (Special) to entry8b.o(.ARM.Collect$$$$0000000A) for _main_cpp_init
    entry.o(.ARM.Collect$$$$00000000) refers (Special) to entry9a.o(.ARM.Collect$$$$0000000B) for _main_init
    entry.o(.ARM.Collect$$$$00000000) refers (Special) to entry5.o(.ARM.Collect$$$$00000004) for _main_scatterload
    entry.o(.ARM.Collect$$$$00000000) refers (Special) to entry2.o(.ARM.Collect$$$$00000001) for _main_stk
    entry2.o(.ARM.Collect$$$$00000001) refers to entry2.o(.ARM.Collect$$$$00002712) for __lit__00000000
    entry2.o(.ARM.Collect$$$$00002712) refers to startup_stm32f10x_md.o(STACK) for __initial_sp
    entry2.o(__vectab_stack_and_reset_area) refers to startup_stm32f10x_md.o(STACK) for __initial_sp
    entry2.o(__vectab_stack_and_reset_area) refers to entry.o(.ARM.Collect$$$$00000000) for __main
    entry5.o(.ARM.Collect$$$$00000004) refers to init.o(.text) for __scatterload
    entry9a.o(.ARM.Collect$$$$0000000B) refers to main.o(.text) for main
    entry9b.o(.ARM.Collect$$$$0000000C) refers to main.o(.text) for main
    init.o(.text) refers to entry5.o(.ARM.Collect$$$$00000004) for __main_after_scatterload


==============================================================================

Removing Unused input sections from the image.

    Removing startup_stm32f10x_md.o(HEAP), (512 bytes).
    Removing stm32f10x_adc.o(.text), (1102 bytes).
    Removing stm32f10x_bkp.o(.text), (196 bytes).
    Removing stm32f10x_can.o(.text), (2544 bytes).
    Removing stm32f10x_cec.o(.text), (288 bytes).
    Removing stm32f10x_crc.o(.text), (72 bytes).
    Removing stm32f10x_dac.o(.text), (396 bytes).
    Removing stm32f10x_dbgmcu.o(.text), (48 bytes).
    Removing stm32f10x_dma.o(.text), (596 bytes).
    Removing stm32f10x_exti.o(.text), (284 bytes).
    Removing stm32f10x_flash.o(.text), (1468 bytes).
    Removing stm32f10x_fsmc.o(.text), (1548 bytes).
    Removing stm32f10x_i2c.o(.text), (1028 bytes).
    Removing stm32f10x_iwdg.o(.text), (64 bytes).
    Removing stm32f10x_pwr.o(.text), (204 bytes).
    Removing stm32f10x_rtc.o(.text), (328 bytes).
    Removing stm32f10x_sdio.o(.text), (468 bytes).
    Removing stm32f10x_usart.o(.text), (1032 bytes).
    Removing stm32f10x_wwdg.o(.text), (136 bytes).
    Removing core_cm3.o(.emb_text), (32 bytes).

20 unused section(s) (total 12346 bytes) removed from the image.

==============================================================================

Image Symbol Table

    Local Symbols

    Symbol Name                              Value     Ov Type        Size  Object(Section)

    ../clib/microlib/init/entry.s            0x00000000   Number         0  entry11b.o ABSOLUTE
    ../clib/microlib/init/entry.s            0x00000000   Number         0  entry8b.o ABSOLUTE
    ../clib/microlib/init/entry.s            0x00000000   Number         0  entry11a.o ABSOLUTE
    ../clib/microlib/init/entry.s            0x00000000   Number         0  entry10b.o ABSOLUTE
    ../clib/microlib/init/entry.s            0x00000000   Number         0  entry10a.o ABSOLUTE
    ../clib/microlib/init/entry.s            0x00000000   Number         0  entry9a.o ABSOLUTE
    ../clib/microlib/init/entry.s            0x00000000   Number         0  entry8a.o ABSOLUTE
    ../clib/microlib/init/entry.s            0x00000000   Number         0  entry.o ABSOLUTE
    ../clib/microlib/init/entry.s            0x00000000   Number         0  entry7b.o ABSOLUTE
    ../clib/microlib/init/entry.s            0x00000000   Number         0  entry7a.o ABSOLUTE
    ../clib/microlib/init/entry.s            0x00000000   Number         0  entry5.o ABSOLUTE
    ../clib/microlib/init/entry.s            0x00000000   Number         0  entry9b.o ABSOLUTE
    ../clib/microlib/init/entry.s            0x00000000   Number         0  entry2.o ABSOLUTE
    ../clib/microlib/string/memcpy.c         0x00000000   Number         0  memcpyb.o ABSOLUTE
    ../clib/microlib/string/memcpy.c         0x00000000   Number         0  memcpya.o ABSOLUTE
    ../clib/microlib/string/memset.c         0x00000000   Number         0  memseta.o ABSOLUTE
    RFID\ISO14443.c                          0x00000000   Number         0  iso14443.o ABSOLUTE
    RFID\PCD663.c                            0x00000000   Number         0  pcd663.o ABSOLUTE
    STM32F10xLib\\core\\core_cm3.c           0x00000000   Number         0  core_cm3.o ABSOLUTE
    STM32F10xLib\core\core_cm3.c             0x00000000   Number         0  core_cm3.o ABSOLUTE
    STM32F10xLib\src\misc.c                  0x00000000   Number         0  misc.o ABSOLUTE
    STM32F10xLib\src\stm32f10x_adc.c         0x00000000   Number         0  stm32f10x_adc.o ABSOLUTE
    STM32F10xLib\src\stm32f10x_bkp.c         0x00000000   Number         0  stm32f10x_bkp.o ABSOLUTE
    STM32F10xLib\src\stm32f10x_can.c         0x00000000   Number         0  stm32f10x_can.o ABSOLUTE
    STM32F10xLib\src\stm32f10x_cec.c         0x00000000   Number         0  stm32f10x_cec.o ABSOLUTE
    STM32F10xLib\src\stm32f10x_crc.c         0x00000000   Number         0  stm32f10x_crc.o ABSOLUTE
    STM32F10xLib\src\stm32f10x_dac.c         0x00000000   Number         0  stm32f10x_dac.o ABSOLUTE
    STM32F10xLib\src\stm32f10x_dbgmcu.c      0x00000000   Number         0  stm32f10x_dbgmcu.o ABSOLUTE
    STM32F10xLib\src\stm32f10x_dma.c         0x00000000   Number         0  stm32f10x_dma.o ABSOLUTE
    STM32F10xLib\src\stm32f10x_exti.c        0x00000000   Number         0  stm32f10x_exti.o ABSOLUTE
    STM32F10xLib\src\stm32f10x_flash.c       0x00000000   Number         0  stm32f10x_flash.o ABSOLUTE
    STM32F10xLib\src\stm32f10x_fsmc.c        0x00000000   Number         0  stm32f10x_fsmc.o ABSOLUTE
    STM32F10xLib\src\stm32f10x_gpio.c        0x00000000   Number         0  stm32f10x_gpio.o ABSOLUTE
    STM32F10xLib\src\stm32f10x_i2c.c         0x00000000   Number         0  stm32f10x_i2c.o ABSOLUTE
    STM32F10xLib\src\stm32f10x_iwdg.c        0x00000000   Number         0  stm32f10x_iwdg.o ABSOLUTE
    STM32F10xLib\src\stm32f10x_pwr.c         0x00000000   Number         0  stm32f10x_pwr.o ABSOLUTE
    STM32F10xLib\src\stm32f10x_rcc.c         0x00000000   Number         0  stm32f10x_rcc.o ABSOLUTE
    STM32F10xLib\src\stm32f10x_rtc.c         0x00000000   Number         0  stm32f10x_rtc.o ABSOLUTE
    STM32F10xLib\src\stm32f10x_sdio.c        0x00000000   Number         0  stm32f10x_sdio.o ABSOLUTE
    STM32F10xLib\src\stm32f10x_spi.c         0x00000000   Number         0  stm32f10x_spi.o ABSOLUTE
    STM32F10xLib\src\stm32f10x_tim.c         0x00000000   Number         0  stm32f10x_tim.o ABSOLUTE
    STM32F10xLib\src\stm32f10x_usart.c       0x00000000   Number         0  stm32f10x_usart.o ABSOLUTE
    STM32F10xLib\src\stm32f10x_wwdg.c        0x00000000   Number         0  stm32f10x_wwdg.o ABSOLUTE
    dc.s                                     0x00000000   Number         0  dc.o ABSOLUTE
    handlers.s                               0x00000000   Number         0  handlers.o ABSOLUTE
    init.s                                   0x00000000   Number         0  init.o ABSOLUTE
    main.c                                   0x00000000   Number         0  main.o ABSOLUTE
    startup_stm32f10x_md.s                   0x00000000   Number         0  startup_stm32f10x_md.o ABSOLUTE
    stm32f10x_Init.c                         0x00000000   Number         0  stm32f10x_init.o ABSOLUTE
    stm32f10x_it.c                           0x00000000   Number         0  stm32f10x_it.o ABSOLUTE
    system_stm32f10x.c                       0x00000000   Number         0  system_stm32f10x.o ABSOLUTE
    RESET                                    0x08000000   Section      236  startup_stm32f10x_md.o(RESET)
    .ARM.Collect$$$$00000000                 0x080000ec   Section        0  entry.o(.ARM.Collect$$$$00000000)
    .ARM.Collect$$$$00000001                 0x080000ec   Section        4  entry2.o(.ARM.Collect$$$$00000001)
    .ARM.Collect$$$$00000004                 0x080000f0   Section        4  entry5.o(.ARM.Collect$$$$00000004)
    .ARM.Collect$$$$00000008                 0x080000f4   Section        0  entry7b.o(.ARM.Collect$$$$00000008)
    .ARM.Collect$$$$0000000A                 0x080000f4   Section        0  entry8b.o(.ARM.Collect$$$$0000000A)
    .ARM.Collect$$$$0000000B                 0x080000f4   Section        8  entry9a.o(.ARM.Collect$$$$0000000B)
    .ARM.Collect$$$$0000000D                 0x080000fc   Section        0  entry10a.o(.ARM.Collect$$$$0000000D)
    .ARM.Collect$$$$0000000F                 0x080000fc   Section        0  entry11a.o(.ARM.Collect$$$$0000000F)
    .ARM.Collect$$$$00002712                 0x080000fc   Section        4  entry2.o(.ARM.Collect$$$$00002712)
    __lit__00000000                          0x080000fc   Data           4  entry2.o(.ARM.Collect$$$$00002712)
    .text                                    0x08000100   Section       36  startup_stm32f10x_md.o(.text)
    .text                                    0x08000124   Section        0  main.o(.text)
    .text                                    0x080003ec   Section        0  stm32f10x_init.o(.text)
    .text                                    0x08000534   Section        0  stm32f10x_it.o(.text)
    .text                                    0x08000550   Section        0  system_stm32f10x.o(.text)
    SetSysClockTo72                          0x08000551   Thumb Code   214  system_stm32f10x.o(.text)
    SetSysClock                              0x08000627   Thumb Code     8  system_stm32f10x.o(.text)
    .text                                    0x08000738   Section        0  iso14443.o(.text)
    .text                                    0x080010bc   Section        0  pcd663.o(.text)
    .text                                    0x080016fc   Section        0  misc.o(.text)
    .text                                    0x080017d8   Section        0  stm32f10x_gpio.o(.text)
    .text                                    0x08001b34   Section        0  stm32f10x_rcc.o(.text)
    .text                                    0x08001ee0   Section        0  stm32f10x_spi.o(.text)
    .text                                    0x080021ec   Section        0  stm32f10x_tim.o(.text)
    TI4_Config                               0x08002693   Thumb Code   130  stm32f10x_tim.o(.text)
    TI3_Config                               0x08002727   Thumb Code   122  stm32f10x_tim.o(.text)
    TI2_Config                               0x080027bb   Thumb Code   130  stm32f10x_tim.o(.text)
    TI1_Config                               0x0800284f   Thumb Code   108  stm32f10x_tim.o(.text)
    .text                                    0x08003006   Section        0  memcpya.o(.text)
    .text                                    0x0800302a   Section        0  memseta.o(.text)
    .text                                    0x08003050   Section       36  init.o(.text)
    i.__scatterload_copy                     0x08003074   Section       14  handlers.o(i.__scatterload_copy)
    i.__scatterload_null                     0x08003082   Section        2  handlers.o(i.__scatterload_null)
    i.__scatterload_zeroinit                 0x08003084   Section       14  handlers.o(i.__scatterload_zeroinit)
    .constdata                               0x08003092   Section       24  main.o(.constdata)
    .data                                    0x20000000   Section        3  main.o(.data)
    .data                                    0x20000004   Section       20  system_stm32f10x.o(.data)
    .data                                    0x20000018   Section        7  pcd663.o(.data)
    .data                                    0x2000001f   Section       20  stm32f10x_rcc.o(.data)
    APBAHBPrescTable                         0x2000001f   Data          16  stm32f10x_rcc.o(.data)
    ADCPrescTable                            0x2000002f   Data           4  stm32f10x_rcc.o(.data)
    .bss                                     0x20000034   Section      303  main.o(.bss)
    .bss                                     0x20000163   Section      513  pcd663.o(.bss)
    STACK                                    0x20000368   Section     1024  startup_stm32f10x_md.o(STACK)

    Global Symbols

    Symbol Name                              Value     Ov Type        Size  Object(Section)

    BuildAttributes$$THM_ISAv4$P$D$K$B$S$PE$A:L22UL41UL21$X:L11$S22US41US21$IEEE1$IW$USESV6$~STKCKD$USESV7$~SHL$OSPACE$EBA8$MICROLIB$REQ8$PRES8$EABIv2 0x00000000   Number         0  anon$$obj.o ABSOLUTE
    __ARM_use_no_argv                        0x00000000   Number         0  main.o ABSOLUTE
    __cpp_initialize__aeabi_                  - Undefined Weak Reference
    __cxa_finalize                            - Undefined Weak Reference
    __decompress                              - Undefined Weak Reference
    _clock_init                               - Undefined Weak Reference
    _microlib_exit                            - Undefined Weak Reference
    __Vectors_Size                           0x000000ec   Number         0  startup_stm32f10x_md.o ABSOLUTE
    __Vectors                                0x08000000   Data           4  startup_stm32f10x_md.o(RESET)
    __Vectors_End                            0x080000ec   Data           0  startup_stm32f10x_md.o(RESET)
    __main                                   0x080000ed   Thumb Code     0  entry.o(.ARM.Collect$$$$00000000)
    _main_stk                                0x080000ed   Thumb Code     0  entry2.o(.ARM.Collect$$$$00000001)
    _main_scatterload                        0x080000f1   Thumb Code     0  entry5.o(.ARM.Collect$$$$00000004)
    __main_after_scatterload                 0x080000f5   Thumb Code     0  entry5.o(.ARM.Collect$$$$00000004)
    _main_clock                              0x080000f5   Thumb Code     0  entry7b.o(.ARM.Collect$$$$00000008)
    _main_cpp_init                           0x080000f5   Thumb Code     0  entry8b.o(.ARM.Collect$$$$0000000A)
    _main_init                               0x080000f5   Thumb Code     0  entry9a.o(.ARM.Collect$$$$0000000B)
    __rt_final_cpp                           0x080000fd   Thumb Code     0  entry10a.o(.ARM.Collect$$$$0000000D)
    __rt_final_exit                          0x080000fd   Thumb Code     0  entry11a.o(.ARM.Collect$$$$0000000F)
    Reset_Handler                            0x08000101   Thumb Code     8  startup_stm32f10x_md.o(.text)
    ADC1_2_IRQHandler                        0x0800011b   Thumb Code     0  startup_stm32f10x_md.o(.text)
    CAN1_RX1_IRQHandler                      0x0800011b   Thumb Code     0  startup_stm32f10x_md.o(.text)
    CAN1_SCE_IRQHandler                      0x0800011b   Thumb Code     0  startup_stm32f10x_md.o(.text)
    DMA1_Channel1_IRQHandler                 0x0800011b   Thumb Code     0  startup_stm32f10x_md.o(.text)
    DMA1_Channel2_IRQHandler                 0x0800011b   Thumb Code     0  startup_stm32f10x_md.o(.text)
    DMA1_Channel3_IRQHandler                 0x0800011b   Thumb Code     0  startup_stm32f10x_md.o(.text)
    DMA1_Channel4_IRQHandler                 0x0800011b   Thumb Code     0  startup_stm32f10x_md.o(.text)
    DMA1_Channel5_IRQHandler                 0x0800011b   Thumb Code     0  startup_stm32f10x_md.o(.text)
    DMA1_Channel6_IRQHandler                 0x0800011b   Thumb Code     0  startup_stm32f10x_md.o(.text)
    DMA1_Channel7_IRQHandler                 0x0800011b   Thumb Code     0  startup_stm32f10x_md.o(.text)
    EXTI0_IRQHandler                         0x0800011b   Thumb Code     0  startup_stm32f10x_md.o(.text)
    EXTI15_10_IRQHandler                     0x0800011b   Thumb Code     0  startup_stm32f10x_md.o(.text)
    EXTI1_IRQHandler                         0x0800011b   Thumb Code     0  startup_stm32f10x_md.o(.text)
    EXTI2_IRQHandler                         0x0800011b   Thumb Code     0  startup_stm32f10x_md.o(.text)
    EXTI3_IRQHandler                         0x0800011b   Thumb Code     0  startup_stm32f10x_md.o(.text)
    EXTI4_IRQHandler                         0x0800011b   Thumb Code     0  startup_stm32f10x_md.o(.text)
    EXTI9_5_IRQHandler                       0x0800011b   Thumb Code     0  startup_stm32f10x_md.o(.text)
    FLASH_IRQHandler                         0x0800011b   Thumb Code     0  startup_stm32f10x_md.o(.text)
    I2C1_ER_IRQHandler                       0x0800011b   Thumb Code     0  startup_stm32f10x_md.o(.text)
    I2C1_EV_IRQHandler                       0x0800011b   Thumb Code     0  startup_stm32f10x_md.o(.text)
    I2C2_ER_IRQHandler                       0x0800011b   Thumb Code     0  startup_stm32f10x_md.o(.text)
    I2C2_EV_IRQHandler                       0x0800011b   Thumb Code     0  startup_stm32f10x_md.o(.text)
    PVD_IRQHandler                           0x0800011b   Thumb Code     0  startup_stm32f10x_md.o(.text)
    RCC_IRQHandler                           0x0800011b   Thumb Code     0  startup_stm32f10x_md.o(.text)
    RTCAlarm_IRQHandler                      0x0800011b   Thumb Code     0  startup_stm32f10x_md.o(.text)
    RTC_IRQHandler                           0x0800011b   Thumb Code     0  startup_stm32f10x_md.o(.text)
    SPI1_IRQHandler                          0x0800011b   Thumb Code     0  startup_stm32f10x_md.o(.text)
    SPI2_IRQHandler                          0x0800011b   Thumb Code     0  startup_stm32f10x_md.o(.text)
    TAMPER_IRQHandler                        0x0800011b   Thumb Code     0  startup_stm32f10x_md.o(.text)
    TIM1_BRK_IRQHandler                      0x0800011b   Thumb Code     0  startup_stm32f10x_md.o(.text)
    TIM1_CC_IRQHandler                       0x0800011b   Thumb Code     0  startup_stm32f10x_md.o(.text)
    TIM1_TRG_COM_IRQHandler                  0x0800011b   Thumb Code     0  startup_stm32f10x_md.o(.text)
    TIM1_UP_IRQHandler                       0x0800011b   Thumb Code     0  startup_stm32f10x_md.o(.text)
    TIM2_IRQHandler                          0x0800011b   Thumb Code     0  startup_stm32f10x_md.o(.text)
    TIM3_IRQHandler                          0x0800011b   Thumb Code     0  startup_stm32f10x_md.o(.text)
    TIM4_IRQHandler                          0x0800011b   Thumb Code     0  startup_stm32f10x_md.o(.text)
    USART1_IRQHandler                        0x0800011b   Thumb Code     0  startup_stm32f10x_md.o(.text)
    USART2_IRQHandler                        0x0800011b   Thumb Code     0  startup_stm32f10x_md.o(.text)
    USART3_IRQHandler                        0x0800011b   Thumb Code     0  startup_stm32f10x_md.o(.text)
    USBWakeUp_IRQHandler                     0x0800011b   Thumb Code     0  startup_stm32f10x_md.o(.text)
    USB_HP_CAN1_TX_IRQHandler                0x0800011b   Thumb Code     0  startup_stm32f10x_md.o(.text)
    USB_LP_CAN1_RX0_IRQHandler               0x0800011b   Thumb Code     0  startup_stm32f10x_md.o(.text)
    WWDG_IRQHandler                          0x0800011b   Thumb Code     0  startup_stm32f10x_md.o(.text)
    Timer4_Stop                              0x08000125   Thumb Code    22  main.o(.text)
    Timer4_Wait                              0x0800013b   Thumb Code    38  main.o(.text)
    Timer4_Init                              0x08000161   Thumb Code   132  main.o(.text)
    Delay100uS                               0x080001e5   Thumb Code    22  main.o(.text)
    InitDevice                               0x080001fb   Thumb Code   148  main.o(.text)
    main                                     0x0800028f   Thumb Code   304  main.o(.text)
    RCC_Configuration                        0x080003ed   Thumb Code    22  stm32f10x_init.o(.text)
    GPIO_Configuration                       0x08000403   Thumb Code   176  stm32f10x_init.o(.text)
    NVIC_Configuration                       0x080004b3   Thumb Code    12  stm32f10x_init.o(.text)
    SPI_Configuration                        0x080004bf   Thumb Code    82  stm32f10x_init.o(.text)
    InitializeSystem                         0x08000511   Thumb Code    20  stm32f10x_init.o(.text)
    NMI_Handler                              0x08000535   Thumb Code     2  stm32f10x_it.o(.text)
    HardFault_Handler                        0x08000537   Thumb Code     4  stm32f10x_it.o(.text)
    MemManage_Handler                        0x0800053b   Thumb Code     4  stm32f10x_it.o(.text)
    BusFault_Handler                         0x0800053f   Thumb Code     4  stm32f10x_it.o(.text)
    UsageFault_Handler                       0x08000543   Thumb Code     4  stm32f10x_it.o(.text)
    SVC_Handler                              0x08000547   Thumb Code     2  stm32f10x_it.o(.text)
    DebugMon_Handler                         0x08000549   Thumb Code     2  stm32f10x_it.o(.text)
    PendSV_Handler                           0x0800054b   Thumb Code     2  stm32f10x_it.o(.text)
    SysTick_Handler                          0x0800054d   Thumb Code     2  stm32f10x_it.o(.text)
    SystemInit                               0x0800062f   Thumb Code    78  system_stm32f10x.o(.text)
    SystemCoreClockUpdate                    0x0800067d   Thumb Code   142  system_stm32f10x.o(.text)
    PiccReset                                0x08000739   Thumb Code    28  iso14443.o(.text)
    PiccRequest                              0x08000755   Thumb Code   118  iso14443.o(.text)
    PiccAnticoll                             0x080007cb   Thumb Code    84  iso14443.o(.text)
    PiccSelect                               0x0800081f   Thumb Code    96  iso14443.o(.text)
    PiccHaltA                                0x0800087f   Thumb Code    38  iso14443.o(.text)
    PiccAnticollSelect                       0x080008a5   Thumb Code   144  iso14443.o(.text)
    PiccTypeA_Rst                            0x08000935   Thumb Code    64  iso14443.o(.text)
    PiccCaluINF                              0x08000975   Thumb Code   110  iso14443.o(.text)
    PiccWaitWTX                              0x080009e3   Thumb Code    20  iso14443.o(.text)
    ISO14443A_Rst                            0x080009f7   Thumb Code   130  iso14443.o(.text)
    ISO14443_COS                             0x08000a79   Thumb Code   556  iso14443.o(.text)
    PiccRequestB                             0x08000ca5   Thumb Code   102  iso14443.o(.text)
    PiccAttrib                               0x08000d0b   Thumb Code    70  iso14443.o(.text)
    PiccHaltB                                0x08000d51   Thumb Code    36  iso14443.o(.text)
    ISO14443B_Rst                            0x08000d75   Thumb Code   116  iso14443.o(.text)
    PiccAuthState                            0x08000de9   Thumb Code   118  iso14443.o(.text)
    PiccRead                                 0x08000e5f   Thumb Code    96  iso14443.o(.text)
    PiccWrite                                0x08000ebf   Thumb Code   148  iso14443.o(.text)
    PiccTransfer                             0x08000f53   Thumb Code   100  iso14443.o(.text)
    PiccValue                                0x08000fb7   Thumb Code   132  iso14443.o(.text)
    PiccRestore                              0x0800103b   Thumb Code   126  iso14443.o(.text)
    ReadRawRC                                0x080010bd   Thumb Code    82  pcd663.o(.text)
    PcdReset                                 0x0800110f   Thumb Code    72  pcd663.o(.text)
    WriteRawRC                               0x08001157   Thumb Code    82  pcd663.o(.text)
    SetBitMask                               0x080011a9   Thumb Code    26  pcd663.o(.text)
    ClearBitMask                             0x080011c3   Thumb Code    26  pcd663.o(.text)
    PcdSetTmo                                0x080011dd   Thumb Code    66  pcd663.o(.text)
    PcdTransceive                            0x0800121f   Thumb Code   582  pcd663.o(.text)
    phhalHw_Rc663_Cmd_LoadProtocol           0x08001465   Thumb Code    42  pcd663.o(.text)
    PcdConfig                                0x0800148f   Thumb Code   464  pcd663.o(.text)
    M500PcdRfReset                           0x0800165f   Thumb Code    44  pcd663.o(.text)
    PcdSetFSD                                0x0800168b   Thumb Code    72  pcd663.o(.text)
    PcdAntenna                               0x080016d3   Thumb Code    38  pcd663.o(.text)
    NVIC_PriorityGroupConfig                 0x080016fd   Thumb Code    10  misc.o(.text)
    NVIC_Init                                0x08001707   Thumb Code   100  misc.o(.text)
    NVIC_SetVectorTable                      0x0800176b   Thumb Code    14  misc.o(.text)
    NVIC_SystemLPConfig                      0x08001779   Thumb Code    34  misc.o(.text)
    SysTick_CLKSourceConfig                  0x0800179b   Thumb Code    40  misc.o(.text)
    GPIO_DeInit                              0x080017d9   Thumb Code   172  stm32f10x_gpio.o(.text)
    GPIO_AFIODeInit                          0x08001885   Thumb Code    20  stm32f10x_gpio.o(.text)
    GPIO_Init                                0x08001899   Thumb Code   278  stm32f10x_gpio.o(.text)
    GPIO_StructInit                          0x080019af   Thumb Code    16  stm32f10x_gpio.o(.text)
    GPIO_ReadInputDataBit                    0x080019bf   Thumb Code    18  stm32f10x_gpio.o(.text)
    GPIO_ReadInputData                       0x080019d1   Thumb Code     8  stm32f10x_gpio.o(.text)
    GPIO_ReadOutputDataBit                   0x080019d9   Thumb Code    18  stm32f10x_gpio.o(.text)
    GPIO_ReadOutputData                      0x080019eb   Thumb Code     8  stm32f10x_gpio.o(.text)
    GPIO_SetBits                             0x080019f3   Thumb Code     4  stm32f10x_gpio.o(.text)
    GPIO_ResetBits                           0x080019f7   Thumb Code     4  stm32f10x_gpio.o(.text)
    GPIO_WriteBit                            0x080019fb   Thumb Code    10  stm32f10x_gpio.o(.text)
    GPIO_Write                               0x08001a05   Thumb Code     4  stm32f10x_gpio.o(.text)
    GPIO_PinLockConfig                       0x08001a09   Thumb Code    18  stm32f10x_gpio.o(.text)
    GPIO_EventOutputConfig                   0x08001a1b   Thumb Code    26  stm32f10x_gpio.o(.text)
    GPIO_EventOutputCmd                      0x08001a35   Thumb Code     6  stm32f10x_gpio.o(.text)
    GPIO_PinRemapConfig                      0x08001a3b   Thumb Code   138  stm32f10x_gpio.o(.text)
    GPIO_EXTILineConfig                      0x08001ac5   Thumb Code    66  stm32f10x_gpio.o(.text)
    GPIO_ETH_MediaInterfaceConfig            0x08001b07   Thumb Code     8  stm32f10x_gpio.o(.text)
    RCC_DeInit                               0x08001b35   Thumb Code    64  stm32f10x_rcc.o(.text)
    RCC_HSEConfig                            0x08001b75   Thumb Code    70  stm32f10x_rcc.o(.text)
    RCC_GetFlagStatus                        0x08001bbb   Thumb Code    56  stm32f10x_rcc.o(.text)
    RCC_WaitForHSEStartUp                    0x08001bf3   Thumb Code    56  stm32f10x_rcc.o(.text)
    RCC_AdjustHSICalibrationValue            0x08001c2b   Thumb Code    20  stm32f10x_rcc.o(.text)
    RCC_HSICmd                               0x08001c3f   Thumb Code     6  stm32f10x_rcc.o(.text)
    RCC_PLLConfig                            0x08001c45   Thumb Code    24  stm32f10x_rcc.o(.text)
    RCC_PLLCmd                               0x08001c5d   Thumb Code     6  stm32f10x_rcc.o(.text)
    RCC_SYSCLKConfig                         0x08001c63   Thumb Code    18  stm32f10x_rcc.o(.text)
    RCC_GetSYSCLKSource                      0x08001c75   Thumb Code    10  stm32f10x_rcc.o(.text)
    RCC_HCLKConfig                           0x08001c7f   Thumb Code    18  stm32f10x_rcc.o(.text)
    RCC_PCLK1Config                          0x08001c91   Thumb Code    18  stm32f10x_rcc.o(.text)
    RCC_PCLK2Config                          0x08001ca3   Thumb Code    20  stm32f10x_rcc.o(.text)
    RCC_ITConfig                             0x08001cb7   Thumb Code    26  stm32f10x_rcc.o(.text)
    RCC_USBCLKConfig                         0x08001cd1   Thumb Code     8  stm32f10x_rcc.o(.text)
    RCC_ADCCLKConfig                         0x08001cd9   Thumb Code    18  stm32f10x_rcc.o(.text)
    RCC_LSEConfig                            0x08001ceb   Thumb Code    50  stm32f10x_rcc.o(.text)
    RCC_LSICmd                               0x08001d1d   Thumb Code     6  stm32f10x_rcc.o(.text)
    RCC_RTCCLKConfig                         0x08001d23   Thumb Code    12  stm32f10x_rcc.o(.text)
    RCC_RTCCLKCmd                            0x08001d2f   Thumb Code     8  stm32f10x_rcc.o(.text)
    RCC_GetClocksFreq                        0x08001d37   Thumb Code   192  stm32f10x_rcc.o(.text)
    RCC_AHBPeriphClockCmd                    0x08001df7   Thumb Code    26  stm32f10x_rcc.o(.text)
    RCC_APB2PeriphClockCmd                   0x08001e11   Thumb Code    26  stm32f10x_rcc.o(.text)
    RCC_APB1PeriphClockCmd                   0x08001e2b   Thumb Code    26  stm32f10x_rcc.o(.text)
    RCC_APB2PeriphResetCmd                   0x08001e45   Thumb Code    26  stm32f10x_rcc.o(.text)
    RCC_APB1PeriphResetCmd                   0x08001e5f   Thumb Code    26  stm32f10x_rcc.o(.text)
    RCC_BackupResetCmd                       0x08001e79   Thumb Code     8  stm32f10x_rcc.o(.text)
    RCC_ClockSecuritySystemCmd               0x08001e81   Thumb Code     6  stm32f10x_rcc.o(.text)
    RCC_MCOConfig                            0x08001e87   Thumb Code     6  stm32f10x_rcc.o(.text)
    RCC_ClearFlag                            0x08001e8d   Thumb Code    14  stm32f10x_rcc.o(.text)
    RCC_GetITStatus                          0x08001e9b   Thumb Code    20  stm32f10x_rcc.o(.text)
    RCC_ClearITPendingBit                    0x08001eaf   Thumb Code     6  stm32f10x_rcc.o(.text)
    SPI_I2S_DeInit                           0x08001ee1   Thumb Code    76  stm32f10x_spi.o(.text)
    SPI_Init                                 0x08001f2d   Thumb Code    60  stm32f10x_spi.o(.text)
    I2S_Init                                 0x08001f69   Thumb Code   226  stm32f10x_spi.o(.text)
    SPI_StructInit                           0x0800204b   Thumb Code    24  stm32f10x_spi.o(.text)
    I2S_StructInit                           0x08002063   Thumb Code    20  stm32f10x_spi.o(.text)
    SPI_Cmd                                  0x08002077   Thumb Code    24  stm32f10x_spi.o(.text)
    I2S_Cmd                                  0x0800208f   Thumb Code    24  stm32f10x_spi.o(.text)
    SPI_I2S_ITConfig                         0x080020a7   Thumb Code    32  stm32f10x_spi.o(.text)
    SPI_I2S_DMACmd                           0x080020c7   Thumb Code    18  stm32f10x_spi.o(.text)
    SPI_I2S_SendData                         0x080020d9   Thumb Code     4  stm32f10x_spi.o(.text)
    SPI_I2S_ReceiveData                      0x080020dd   Thumb Code     6  stm32f10x_spi.o(.text)
    SPI_NSSInternalSoftwareConfig            0x080020e3   Thumb Code    30  stm32f10x_spi.o(.text)
    SPI_SSOutputCmd                          0x08002101   Thumb Code    24  stm32f10x_spi.o(.text)
    SPI_DataSizeConfig                       0x08002119   Thumb Code    18  stm32f10x_spi.o(.text)
    SPI_TransmitCRC                          0x0800212b   Thumb Code    10  stm32f10x_spi.o(.text)
    SPI_CalculateCRC                         0x08002135   Thumb Code    24  stm32f10x_spi.o(.text)
    SPI_GetCRC                               0x0800214d   Thumb Code    16  stm32f10x_spi.o(.text)
    SPI_GetCRCPolynomial                     0x0800215d   Thumb Code     6  stm32f10x_spi.o(.text)
    SPI_BiDirectionalLineConfig              0x08002163   Thumb Code    28  stm32f10x_spi.o(.text)
    SPI_I2S_GetFlagStatus                    0x0800217f   Thumb Code    18  stm32f10x_spi.o(.text)
    SPI_I2S_ClearFlag                        0x08002191   Thumb Code     6  stm32f10x_spi.o(.text)
    SPI_I2S_GetITStatus                      0x08002197   Thumb Code    52  stm32f10x_spi.o(.text)
    SPI_I2S_ClearITPendingBit                0x080021cb   Thumb Code    20  stm32f10x_spi.o(.text)
    TIM_DeInit                               0x080021ed   Thumb Code   424  stm32f10x_tim.o(.text)
    TIM_TimeBaseInit                         0x08002395   Thumb Code   122  stm32f10x_tim.o(.text)
    TIM_OC1Init                              0x0800240f   Thumb Code   132  stm32f10x_tim.o(.text)
    TIM_OC2Init                              0x08002493   Thumb Code   154  stm32f10x_tim.o(.text)
    TIM_OC3Init                              0x0800252d   Thumb Code   150  stm32f10x_tim.o(.text)
    TIM_OC4Init                              0x080025c3   Thumb Code   182  stm32f10x_tim.o(.text)
    TIM_SetIC4Prescaler                      0x08002679   Thumb Code    26  stm32f10x_tim.o(.text)
    TIM_SetIC3Prescaler                      0x08002715   Thumb Code    18  stm32f10x_tim.o(.text)
    TIM_SetIC2Prescaler                      0x080027a1   Thumb Code    26  stm32f10x_tim.o(.text)
    TIM_SetIC1Prescaler                      0x0800283d   Thumb Code    18  stm32f10x_tim.o(.text)
    TIM_ICInit                               0x080028bb   Thumb Code   150  stm32f10x_tim.o(.text)
    TIM_PWMIConfig                           0x08002951   Thumb Code   124  stm32f10x_tim.o(.text)
    TIM_BDTRConfig                           0x080029cd   Thumb Code    32  stm32f10x_tim.o(.text)
    TIM_TimeBaseStructInit                   0x080029ed   Thumb Code    18  stm32f10x_tim.o(.text)
    TIM_OCStructInit                         0x080029ff   Thumb Code    20  stm32f10x_tim.o(.text)
    TIM_ICStructInit                         0x08002a13   Thumb Code    18  stm32f10x_tim.o(.text)
    TIM_BDTRStructInit                       0x08002a25   Thumb Code    40  stm32f10x_tim.o(.text)
    TIM_Cmd                                  0x08002a4d   Thumb Code    24  stm32f10x_tim.o(.text)
    TIM_CtrlPWMOutputs                       0x08002a65   Thumb Code    30  stm32f10x_tim.o(.text)
    TIM_ITConfig                             0x08002a83   Thumb Code    18  stm32f10x_tim.o(.text)
    TIM_GenerateEvent                        0x08002a95   Thumb Code     4  stm32f10x_tim.o(.text)
    TIM_DMAConfig                            0x08002a99   Thumb Code    10  stm32f10x_tim.o(.text)
    TIM_DMACmd                               0x08002aa3   Thumb Code    18  stm32f10x_tim.o(.text)
    TIM_InternalClockConfig                  0x08002ab5   Thumb Code    12  stm32f10x_tim.o(.text)
    TIM_SelectInputTrigger                   0x08002ac1   Thumb Code    18  stm32f10x_tim.o(.text)
    TIM_ITRxExternalClockConfig              0x08002ad3   Thumb Code    24  stm32f10x_tim.o(.text)
    TIM_TIxExternalClockConfig               0x08002aeb   Thumb Code    62  stm32f10x_tim.o(.text)
    TIM_ETRConfig                            0x08002b29   Thumb Code    28  stm32f10x_tim.o(.text)
    TIM_ETRClockMode1Config                  0x08002b45   Thumb Code    54  stm32f10x_tim.o(.text)
    TIM_ETRClockMode2Config                  0x08002b7b   Thumb Code    32  stm32f10x_tim.o(.text)
    TIM_PrescalerConfig                      0x08002b9b   Thumb Code     6  stm32f10x_tim.o(.text)
    TIM_CounterModeConfig                    0x08002ba1   Thumb Code    18  stm32f10x_tim.o(.text)
    TIM_EncoderInterfaceConfig               0x08002bb3   Thumb Code    66  stm32f10x_tim.o(.text)
    TIM_ForcedOC1Config                      0x08002bf5   Thumb Code    18  stm32f10x_tim.o(.text)
    TIM_ForcedOC2Config                      0x08002c07   Thumb Code    26  stm32f10x_tim.o(.text)
    TIM_ForcedOC3Config                      0x08002c21   Thumb Code    18  stm32f10x_tim.o(.text)
    TIM_ForcedOC4Config                      0x08002c33   Thumb Code    26  stm32f10x_tim.o(.text)
    TIM_ARRPreloadConfig                     0x08002c4d   Thumb Code    24  stm32f10x_tim.o(.text)
    TIM_SelectCOM                            0x08002c65   Thumb Code    24  stm32f10x_tim.o(.text)
    TIM_SelectCCDMA                          0x08002c7d   Thumb Code    24  stm32f10x_tim.o(.text)
    TIM_CCPreloadControl                     0x08002c95   Thumb Code    24  stm32f10x_tim.o(.text)
    TIM_OC1PreloadConfig                     0x08002cad   Thumb Code    18  stm32f10x_tim.o(.text)
    TIM_OC2PreloadConfig                     0x08002cbf   Thumb Code    26  stm32f10x_tim.o(.text)
    TIM_OC3PreloadConfig                     0x08002cd9   Thumb Code    18  stm32f10x_tim.o(.text)
    TIM_OC4PreloadConfig                     0x08002ceb   Thumb Code    26  stm32f10x_tim.o(.text)
    TIM_OC1FastConfig                        0x08002d05   Thumb Code    18  stm32f10x_tim.o(.text)
    TIM_OC2FastConfig                        0x08002d17   Thumb Code    26  stm32f10x_tim.o(.text)
    TIM_OC3FastConfig                        0x08002d31   Thumb Code    18  stm32f10x_tim.o(.text)
    TIM_OC4FastConfig                        0x08002d43   Thumb Code    26  stm32f10x_tim.o(.text)
    TIM_ClearOC1Ref                          0x08002d5d   Thumb Code    18  stm32f10x_tim.o(.text)
    TIM_ClearOC2Ref                          0x08002d6f   Thumb Code    24  stm32f10x_tim.o(.text)
    TIM_ClearOC3Ref                          0x08002d87   Thumb Code    18  stm32f10x_tim.o(.text)
    TIM_ClearOC4Ref                          0x08002d99   Thumb Code    24  stm32f10x_tim.o(.text)
    TIM_OC1PolarityConfig                    0x08002db1   Thumb Code    18  stm32f10x_tim.o(.text)
    TIM_OC1NPolarityConfig                   0x08002dc3   Thumb Code    18  stm32f10x_tim.o(.text)
    TIM_OC2PolarityConfig                    0x08002dd5   Thumb Code    26  stm32f10x_tim.o(.text)
    TIM_OC2NPolarityConfig                   0x08002def   Thumb Code    26  stm32f10x_tim.o(.text)
    TIM_OC3PolarityConfig                    0x08002e09   Thumb Code    26  stm32f10x_tim.o(.text)
    TIM_OC3NPolarityConfig                   0x08002e23   Thumb Code    26  stm32f10x_tim.o(.text)
    TIM_OC4PolarityConfig                    0x08002e3d   Thumb Code    26  stm32f10x_tim.o(.text)
    TIM_CCxCmd                               0x08002e57   Thumb Code    30  stm32f10x_tim.o(.text)
    TIM_CCxNCmd                              0x08002e75   Thumb Code    30  stm32f10x_tim.o(.text)
    TIM_SelectOCxM                           0x08002e93   Thumb Code    82  stm32f10x_tim.o(.text)
    TIM_UpdateDisableConfig                  0x08002ee5   Thumb Code    24  stm32f10x_tim.o(.text)
    TIM_UpdateRequestConfig                  0x08002efd   Thumb Code    24  stm32f10x_tim.o(.text)
    TIM_SelectHallSensor                     0x08002f15   Thumb Code    24  stm32f10x_tim.o(.text)
    TIM_SelectOnePulseMode                   0x08002f2d   Thumb Code    18  stm32f10x_tim.o(.text)
    TIM_SelectOutputTrigger                  0x08002f3f   Thumb Code    18  stm32f10x_tim.o(.text)
    TIM_SelectSlaveMode                      0x08002f51   Thumb Code    18  stm32f10x_tim.o(.text)
    TIM_SelectMasterSlaveMode                0x08002f63   Thumb Code    18  stm32f10x_tim.o(.text)
    TIM_SetCounter                           0x08002f75   Thumb Code     4  stm32f10x_tim.o(.text)
    TIM_SetAutoreload                        0x08002f79   Thumb Code     4  stm32f10x_tim.o(.text)
    TIM_SetCompare1                          0x08002f7d   Thumb Code     4  stm32f10x_tim.o(.text)
    TIM_SetCompare2                          0x08002f81   Thumb Code     4  stm32f10x_tim.o(.text)
    TIM_SetCompare3                          0x08002f85   Thumb Code     4  stm32f10x_tim.o(.text)
    TIM_SetCompare4                          0x08002f89   Thumb Code     6  stm32f10x_tim.o(.text)
    TIM_SetClockDivision                     0x08002f8f   Thumb Code    18  stm32f10x_tim.o(.text)
    TIM_GetCapture1                          0x08002fa1   Thumb Code     6  stm32f10x_tim.o(.text)
    TIM_GetCapture2                          0x08002fa7   Thumb Code     6  stm32f10x_tim.o(.text)
    TIM_GetCapture3                          0x08002fad   Thumb Code     6  stm32f10x_tim.o(.text)
    TIM_GetCapture4                          0x08002fb3   Thumb Code     8  stm32f10x_tim.o(.text)
    TIM_GetCounter                           0x08002fbb   Thumb Code     6  stm32f10x_tim.o(.text)
    TIM_GetPrescaler                         0x08002fc1   Thumb Code     6  stm32f10x_tim.o(.text)
    TIM_GetFlagStatus                        0x08002fc7   Thumb Code    18  stm32f10x_tim.o(.text)
    TIM_ClearFlag                            0x08002fd9   Thumb Code     6  stm32f10x_tim.o(.text)
    TIM_GetITStatus                          0x08002fdf   Thumb Code    34  stm32f10x_tim.o(.text)
    TIM_ClearITPendingBit                    0x08003001   Thumb Code     6  stm32f10x_tim.o(.text)
    __aeabi_memcpy                           0x08003007   Thumb Code    36  memcpya.o(.text)
    __aeabi_memcpy4                          0x08003007   Thumb Code     0  memcpya.o(.text)
    __aeabi_memcpy8                          0x08003007   Thumb Code     0  memcpya.o(.text)
    __aeabi_memset                           0x0800302b   Thumb Code    14  memseta.o(.text)
    __aeabi_memset4                          0x0800302b   Thumb Code     0  memseta.o(.text)
    __aeabi_memset8                          0x0800302b   Thumb Code     0  memseta.o(.text)
    __aeabi_memclr                           0x08003039   Thumb Code     4  memseta.o(.text)
    __aeabi_memclr4                          0x08003039   Thumb Code     0  memseta.o(.text)
    __aeabi_memclr8                          0x08003039   Thumb Code     0  memseta.o(.text)
    _memset$wrapper                          0x0800303d   Thumb Code    18  memseta.o(.text)
    __scatterload                            0x08003051   Thumb Code    28  init.o(.text)
    __scatterload_rt2                        0x08003051   Thumb Code     0  init.o(.text)
    __scatterload_copy                       0x08003075   Thumb Code    14  handlers.o(i.__scatterload_copy)
    __scatterload_null                       0x08003083   Thumb Code     2  handlers.o(i.__scatterload_null)
    __scatterload_zeroinit                   0x08003085   Thumb Code    14  handlers.o(i.__scatterload_zeroinit)
    g_sDevVersion                            0x08003092   Data          18  main.o(.constdata)
    g_cM1KEY                                 0x080030a4   Data           6  main.o(.constdata)
    Region$$Table$$Base                      0x080030ac   Number         0  anon$$obj.o(Region$$Table)
    Region$$Table$$Limit                     0x080030cc   Number         0  anon$$obj.o(Region$$Table)
    g_iLength                                0x20000000   Data           2  main.o(.data)
    g_cATSLen                                0x20000002   Data           1  main.o(.data)
    SystemCoreClock                          0x20000004   Data           4  system_stm32f10x.o(.data)
    AHBPrescTable                            0x20000008   Data          16  system_stm32f10x.o(.data)
    g_sPcdPara                               0x20000018   Data           7  pcd663.o(.data)
    g_sCard                                  0x20000034   Data          15  main.o(.bss)
    g_cBuffer                                0x20000043   Data         256  main.o(.bss)
    g_cATS                                   0x20000143   Data          32  main.o(.bss)
    g_sPcdTrsv                               0x20000163   Data         513  pcd663.o(.bss)
    __initial_sp                             0x20000768   Data           0  startup_stm32f10x_md.o(STACK)



==============================================================================

Memory Map of the image

  Image Entry point : 0x080000ed

  Load Region LR_IROM1 (Base: 0x08000000, Size: 0x00003100, Max: 0x00010000, ABSOLUTE)

    Execution Region ER_IROM1 (Base: 0x08000000, Size: 0x000030cc, Max: 0x00010000, ABSOLUTE)

    Base Addr    Size         Type   Attr      Idx    E Section Name        Object

    0x08000000   0x000000ec   Data   RO            3    RESET               startup_stm32f10x_md.o
    0x080000ec   0x00000000   Code   RO          550  * .ARM.Collect$$$$00000000  mc_w.l(entry.o)
    0x080000ec   0x00000004   Code   RO          559    .ARM.Collect$$$$00000001  mc_w.l(entry2.o)
    0x080000f0   0x00000004   Code   RO          562    .ARM.Collect$$$$00000004  mc_w.l(entry5.o)
    0x080000f4   0x00000000   Code   RO          564    .ARM.Collect$$$$00000008  mc_w.l(entry7b.o)
    0x080000f4   0x00000000   Code   RO          566    .ARM.Collect$$$$0000000A  mc_w.l(entry8b.o)
    0x080000f4   0x00000008   Code   RO          567    .ARM.Collect$$$$0000000B  mc_w.l(entry9a.o)
    0x080000fc   0x00000000   Code   RO          569    .ARM.Collect$$$$0000000D  mc_w.l(entry10a.o)
    0x080000fc   0x00000000   Code   RO          571    .ARM.Collect$$$$0000000F  mc_w.l(entry11a.o)
    0x080000fc   0x00000004   Code   RO          560    .ARM.Collect$$$$00002712  mc_w.l(entry2.o)
    0x08000100   0x00000024   Code   RO            4    .text               startup_stm32f10x_md.o
    0x08000124   0x000002c8   Code   RO           10    .text               main.o
    0x080003ec   0x00000148   Code   RO          138    .text               stm32f10x_init.o
    0x08000534   0x0000001a   Code   RO          150    .text               stm32f10x_it.o
    0x0800054e   0x00000002   PAD
    0x08000550   0x000001e8   Code   RO          165    .text               system_stm32f10x.o
    0x08000738   0x00000984   Code   RO          183    .text               iso14443.o
    0x080010bc   0x00000640   Code   RO          243    .text               pcd663.o
    0x080016fc   0x000000dc   Code   RO          262    .text               misc.o
    0x080017d8   0x0000035c   Code   RO          406    .text               stm32f10x_gpio.o
    0x08001b34   0x000003ac   Code   RO          454    .text               stm32f10x_rcc.o
    0x08001ee0   0x0000030c   Code   RO          492    .text               stm32f10x_spi.o
    0x080021ec   0x00000e1a   Code   RO          504    .text               stm32f10x_tim.o
    0x08003006   0x00000024   Code   RO          553    .text               mc_w.l(memcpya.o)
    0x0800302a   0x00000024   Code   RO          555    .text               mc_w.l(memseta.o)
    0x0800304e   0x00000002   PAD
    0x08003050   0x00000024   Code   RO          573    .text               mc_w.l(init.o)
    0x08003074   0x0000000e   Code   RO          577    i.__scatterload_copy  mc_w.l(handlers.o)
    0x08003082   0x00000002   Code   RO          578    i.__scatterload_null  mc_w.l(handlers.o)
    0x08003084   0x0000000e   Code   RO          579    i.__scatterload_zeroinit  mc_w.l(handlers.o)
    0x08003092   0x00000018   Data   RO           12    .constdata          main.o
    0x080030aa   0x00000002   PAD
    0x080030ac   0x00000020   Data   RO          575    Region$$Table       anon$$obj.o


    Execution Region RW_IRAM1 (Base: 0x20000000, Size: 0x00000768, Max: 0x00005000, ABSOLUTE)

    Base Addr    Size         Type   Attr      Idx    E Section Name        Object

    0x20000000   0x00000003   Data   RW           13    .data               main.o
    0x20000003   0x00000001   PAD
    0x20000004   0x00000014   Data   RW          166    .data               system_stm32f10x.o
    0x20000018   0x00000007   Data   RW          245    .data               pcd663.o
    0x2000001f   0x00000014   Data   RW          455    .data               stm32f10x_rcc.o
    0x20000033   0x00000001   PAD
    0x20000034   0x0000012f   Zero   RW           11    .bss                main.o
    0x20000163   0x00000201   Zero   RW          244    .bss                pcd663.o
    0x20000364   0x00000004   PAD
    0x20000368   0x00000400   Zero   RW            1    STACK               startup_stm32f10x_md.o


==============================================================================

Image component sizes


      Code (inc. data)   RO Data    RW Data    ZI Data      Debug   Object Name

      2436         32          0          0          0     212574   iso14443.o
       712         46         24          3        303      52503   main.o
       220         22          0          0          0       1793   misc.o
      1600         40          0          7        513       4357   pcd663.o
        36          8        236          0       1024        816   startup_stm32f10x_md.o
       860         38          0          0          0       5725   stm32f10x_gpio.o
       328         16          0          0          0       1205   stm32f10x_init.o
        26          0          0          0          0       1198   stm32f10x_it.o
       940         44          0         20          0       8904   stm32f10x_rcc.o
       780         14          0          0          0       6606   stm32f10x_spi.o
      3610         88          0          0          0      22836   stm32f10x_tim.o
       488         46          0         20          0       1767   system_stm32f10x.o

    ----------------------------------------------------------------------
     12038        394        294         52       1844     320284   Object Totals
         0          0         32          0          0          0   (incl. Generated)
         2          0          2          2          4          0   (incl. Padding)

    ----------------------------------------------------------------------

      Code (inc. data)   RO Data    RW Data    ZI Data      Debug   Library Member Name

         0          0          0          0          0          0   entry.o
         0          0          0          0          0          0   entry10a.o
         0          0          0          0          0          0   entry11a.o
         8          4          0          0          0          0   entry2.o
         4          0          0          0          0          0   entry5.o
         0          0          0          0          0          0   entry7b.o
         0          0          0          0          0          0   entry8b.o
         8          4          0          0          0          0   entry9a.o
        30          0          0          0          0          0   handlers.o
        36          8          0          0          0         68   init.o
        36          0          0          0          0         68   memcpya.o
        36          0          0          0          0        108   memseta.o

    ----------------------------------------------------------------------
       160         16          0          0          0        244   Library Totals
         2          0          0          0          0          0   (incl. Padding)

    ----------------------------------------------------------------------

      Code (inc. data)   RO Data    RW Data    ZI Data      Debug   Library Name

       158         16          0          0          0        244   mc_w.l

    ----------------------------------------------------------------------
       160         16          0          0          0        244   Library Totals

    ----------------------------------------------------------------------

==============================================================================


      Code (inc. data)   RO Data    RW Data    ZI Data      Debug   

     12198        410        294         52       1844     319744   Grand Totals
     12198        410        294         52       1844     319744   ELF Image Totals
     12198        410        294         52          0          0   ROM Totals

==============================================================================

    Total RO  Size (Code + RO Data)                12492 (  12.20kB)
    Total RW  Size (RW Data + ZI Data)              1896 (   1.85kB)
    Total ROM Size (Code + RO Data + RW Data)      12544 (  12.25kB)

==============================================================================

